
> django-resume-desktop@0.1.0 smoke:packaged
> npm run stage-backend && node ./scripts/launch-electron.cjs --runtime=packaged --smoke-test


> django-resume-desktop@0.1.0 stage-backend
> node ./scripts/stage-backend.cjs

Downloading cpython-3.14.5-macos-aarch64-none (download) (24.7MiB)
 Downloaded cpython-3.14.5-macos-aarch64-none (download)
Installed Python 3.14.5 in 892ms
 + cpython-3.14.5-macos-aarch64-none
Pruned bundled Python GUI artifacts:
- bin/idle3
- bin/idle3.14
- lib/itcl4.3.5
- lib/libtcl9.0.dylib
- lib/libtcl9tk9.0.dylib
- lib/python3.14/idlelib
- lib/python3.14/lib-dynload/_tkinter.cpython-314-darwin.so
- lib/python3.14/tkinter
- lib/tcl9
- lib/tcl9.0
- lib/thread3.0.4
- lib/tk9.0
Building wheel...
Successfully built .stage/.build/django_resume-0.2.0-py3-none-any.whl
Using Python 3.14.5 environment at: .stage/backend/python
Resolved 5 packages in 131ms
Downloading django (8.0MiB)
 Downloaded django
Prepared 5 packages in 484ms
Installed 5 packages in 44ms
 + asgiref==3.11.1
 + django==6.0.6
 + django-resume==0.2.0 (from file:///Users/jochen/projects/django-resume-oneshot-qwen256k-med/.stage/.build/django_resume-0.2.0-py3-none-any.whl)
 + nh3==0.3.5
 + sqlparse==0.5.5
Traceback (most recent call last):
  File "/Users/jochen/projects/django-resume-oneshot-qwen256k-med/.stage/backend/python/lib/python3.14/site-packages/django/core/management/__init__.py", line 256, in fetch_command
    app_name = commands[subcommand]
               ~~~~~~~~^^^^^^^^^^^^
KeyError: 'collectstatic'

During handling of the above exception, another exception occurred:

Traceback (most recent call last):
  File "/Users/jochen/projects/django-resume-oneshot-qwen256k-med/.stage/backend/manage.py", line 23, in <module>
    main()
    ~~~~^^
  File "/Users/jochen/projects/django-resume-oneshot-qwen256k-med/.stage/backend/manage.py", line 19, in main
    execute_from_command_line(sys.argv)
    ~~~~~~~~~~~~~~~~~~~~~~~~~^^^^^^^^^^
  File "/Users/jochen/projects/django-resume-oneshot-qwen256k-med/.stage/backend/python/lib/python3.14/site-packages/django/core/management/__init__.py", line 443, in execute_from_command_line
    utility.execute()
    ~~~~~~~~~~~~~~~^^
  File "/Users/jochen/projects/django-resume-oneshot-qwen256k-med/.stage/backend/python/lib/python3.14/site-packages/django/core/management/__init__.py", line 437, in execute
    self.fetch_command(subcommand).run_from_argv(self.argv)
    ~~~~~~~~~~~~~~~~~~^^^^^^^^^^^^
  File "/Users/jochen/projects/django-resume-oneshot-qwen256k-med/.stage/backend/python/lib/python3.14/site-packages/django/core/management/__init__.py", line 263, in fetch_command
    settings.INSTALLED_APPS
  File "/Users/jochen/projects/django-resume-oneshot-qwen256k-med/.stage/backend/python/lib/python3.14/site-packages/django/conf/__init__.py", line 75, in __getattr__
    self._setup(name)
    ~~~~~~~~~~~^^^^^^
  File "/Users/jochen/projects/django-resume-oneshot-qwen256k-med/.stage/backend/python/lib/python3.14/site-packages/django/conf/__init__.py", line 62, in _setup
    self._wrapped = Settings(settings_module)
                    ~~~~~~~~^^^^^^^^^^^^^^^^^
  File "/Users/jochen/projects/django-resume-oneshot-qwen256k-med/.stage/backend/python/lib/python3.14/site-packages/django/conf/__init__.py", line 162, in __init__
    mod = importlib.import_module(self.SETTINGS_MODULE)
  File "/Users/jochen/projects/django-resume-oneshot-qwen256k-med/.stage/backend/python/lib/python3.14/importlib/__init__.py", line 88, in import_module
    return _bootstrap._gcd_import(name[level:], package, level)
           ~~~~~~~~~~~~~~~~~~~~~~^^^^^^^^^^^^^^^^^^^^^^^^^^^^^^
  File "<frozen importlib._bootstrap>", line 1406, in _gcd_import
  File "<frozen importlib._bootstrap>", line 1371, in _find_and_load
  File "<frozen importlib._bootstrap>", line 1314, in _find_and_load_unlocked
  File "<frozen importlib._bootstrap>", line 491, in _call_with_frames_removed
  File "<frozen importlib._bootstrap>", line 1406, in _gcd_import
  File "<frozen importlib._bootstrap>", line 1371, in _find_and_load
  File "<frozen importlib._bootstrap>", line 1335, in _find_and_load_unlocked
ModuleNotFoundError: No module named 'example'
