

All 4 checks pass. Zero-edit Stage 2 — stopping immediately.

---

## Stage 2 Report

### Files changed
**none** — zero edits required.

### Deferred Django-side dependencies for Stage 3
The Stage 1 scaffold already produced the expected Django-side artifacts:
- `example/example/settings.py` (modified)
- `example/example/urls.py` (modified)
- `example/example/desktop_middleware.py` (new)
- `example/example/desktop_runtime.py` (new)
- `example/example/packaged_settings.py` (new)
- `justfile` (modified)
- Template back-links in `src/django_resume/templates/` (modified)

These are Stage 1 outputs; Stage 3 would handle any remaining Django integration gaps.

### Verification results

| # | Check | Result |
|---|-------|--------|
| 1 | `git status --short` | ✅ Pass — expected Stage 1 changes visible, `electron/` present |
| 2 | `node --check electron/main.js` | ✅ Pass — syntax valid |
| 3 | `node --check electron/scripts/launch-electron.cjs` | ✅ Pass — syntax valid |
| 4 | `node --test electron/scripts/*.test.cjs` | ✅ Pass — **53/53 tests passing**, 0 failures |
