
> django-resume-electron@0.1.0 smoke:packaged
> npm run stage-backend && node ./scripts/launch-electron.cjs --runtime=packaged --smoke-test


> django-resume-electron@0.1.0 stage-backend
> node ./scripts/stage-backend.cjs

Downloading cpython-3.14.5-macos-aarch64-none (download) (24.7MiB)
 Downloaded cpython-3.14.5-macos-aarch64-none (download)
Installed Python 3.14.5 in 911ms
 + cpython-3.14.5-macos-aarch64-none
Pruned bundled Python GUI artifacts:
- bin/idle3
- bin/idle3.14
- lib/itcl4.3.5
- lib/libtcl9.0.dylib
- lib/libtcl9tk9.0.dylib
- lib/python3.14/idlelib
- lib/python3.14/lib-dynload/_tkinter.cpython-314-darwin.so
- lib/python3.14/tkinter
- lib/tcl9
- lib/tcl9.0
- lib/thread3.0.4
- lib/tk9.0
Building wheel...
Successfully built .stage/.build/django_resume-0.2.0-py3-none-any.whl
Using Python 3.14.5 environment at: .stage/backend/python
Resolved 5 packages in 67ms
Prepared 5 packages in 9ms
Installed 5 packages in 117ms
 + asgiref==3.11.1
 + django==6.0.5
 + django-resume==0.2.0 (from file:///Users/jochen/projects/django-resume-oneshot-qwen256k/.stage/.build/django_resume-0.2.0-py3-none-any.whl)
 + nh3==0.3.5
 + sqlparse==0.5.5
Traceback (most recent call last):
  File "/Users/jochen/projects/django-resume-oneshot-qwen256k/.stage/backend/manage.py", line 23, in <module>
    main()
    ~~~~^^
  File "/Users/jochen/projects/django-resume-oneshot-qwen256k/.stage/backend/manage.py", line 19, in main
    execute_from_command_line(sys.argv)
    ~~~~~~~~~~~~~~~~~~~~~~~~~^^^^^^^^^^
  File "/Users/jochen/projects/django-resume-oneshot-qwen256k/.stage/backend/python/lib/python3.14/site-packages/django/core/management/__init__.py", line 443, in execute_from_command_line
    utility.execute()
    ~~~~~~~~~~~~~~~^^
  File "/Users/jochen/projects/django-resume-oneshot-qwen256k/.stage/backend/python/lib/python3.14/site-packages/django/core/management/__init__.py", line 417, in execute
    django.setup()
    ~~~~~~~~~~~~^^
  File "/Users/jochen/projects/django-resume-oneshot-qwen256k/.stage/backend/python/lib/python3.14/site-packages/django/__init__.py", line 24, in setup
    apps.populate(settings.INSTALLED_APPS)
    ~~~~~~~~~~~~~^^^^^^^^^^^^^^^^^^^^^^^^^
  File "/Users/jochen/projects/django-resume-oneshot-qwen256k/.stage/backend/python/lib/python3.14/site-packages/django/apps/registry.py", line 91, in populate
    app_config = AppConfig.create(entry)
  File "/Users/jochen/projects/django-resume-oneshot-qwen256k/.stage/backend/python/lib/python3.14/site-packages/django/apps/config.py", line 193, in create
    import_module(entry)
    ~~~~~~~~~~~~~^^^^^^^
  File "/Users/jochen/projects/django-resume-oneshot-qwen256k/.stage/backend/python/lib/python3.14/importlib/__init__.py", line 88, in import_module
    return _bootstrap._gcd_import(name[level:], package, level)
           ~~~~~~~~~~~~~~~~~~~~~~^^^^^^^^^^^^^^^^^^^^^^^^^^^^^^
  File "<frozen importlib._bootstrap>", line 1406, in _gcd_import
  File "<frozen importlib._bootstrap>", line 1371, in _find_and_load
  File "<frozen importlib._bootstrap>", line 1335, in _find_and_load_unlocked
ModuleNotFoundError: No module named 'core'
